0 verbose cli /usr/local/bin/node /usr/local/bin/npm
1 info using npm@11.18.0
2 info using node@v23.11.1
3 silly config load:file:/usr/local/lib/node_modules/npm/npmrc
4 silly config load:file:/home/container/.npmrc
5 silly config load:file:/usr/local/etc/npmrc
6 verbose title npm install
7 verbose argv "install"
8 verbose logfile logs-max:10 dir:/home/container/.npm/_logs/2026-09-09T00_17_49_722Z-
9 verbose logfile /home/container/.npm/_logs/2026-09-09T00_17_49_722Z-debug-0.log
10 silly logfile done cleaning log files
11 silly packumentCache heap:1822162944 maxSize:455540736 maxEntrySize:227770368
12 silly idealTree buildDeps
13 silly fetch manifest @img/sharp-darwin-arm64@0.35.4
14 silly packumentCache full:https://registry.npmjs.org/@img%2fsharp-darwin-arm64 cache-miss
15 http fetch GET 200 https://registry.npmjs.org/@img%2fsharp-darwin-arm64 262ms (cache revalidated)
16 silly packumentCache full:https://registry.npmjs.org/@img%2fsharp-darwin-arm64 set size:110251 disposed:false
17 silly fetch manifest @img/sharp-darwin-x64@0.35.4
18 silly packumentCache full:https://registry.npmjs.org/@img%2fsharp-darwin-x64 cache-miss
19 http fetch GET 200 https://registry.npmjs.org/@img%2fsharp-darwin-x64 73ms (cache revalidated)
20 silly packumentCache full:https://registry.npmjs.org/@img%2fsharp-darwin-x64 set size:108820 disposed:false
21 silly fetch manifest @img/sharp-freebsd-wasm32@0.35.4
22 silly packumentCache full:https://registry.npmjs.org/@img%2fsharp-freebsd-wasm32 cache-miss
23 http fetch GET 200 https://registry.npmjs.org/@img%2fsharp-freebsd-wasm32 68ms (cache revalidated)
24 silly packumentCache full:https://registry.npmjs.org/@img%2fsharp-freebsd-wasm32 set size:47096 disposed:false
25 silly fetch manifest @img/sharp-libvips-darwin-arm64@1.3.3
26 silly packumentCache full:https://registry.npmjs.org/@img%2fsharp-libvips-darwin-arm64 cache-miss
27 http fetch GET 200 https://registry.npmjs.org/@img%2fsharp-libvips-darwin-arm64 69ms (cache revalidated)
28 silly packumentCache full:https://registry.npmjs.org/@img%2fsharp-libvips-darwin-arm64 set size:88531 disposed:false
29 silly fetch manifest @img/sharp-libvips-darwin-x64@1.3.3
30 silly packumentCache full:https://registry.npmjs.org/@img%2fsharp-libvips-darwin-x64 cache-miss
31 http fetch GET 200 https://registry.npmjs.org/@img%2fsharp-libvips-darwin-x64 64ms (cache revalidated)
32 silly packumentCache full:https://registry.npmjs.org/@img%2fsharp-libvips-darwin-x64 set size:87586 disposed:false
33 silly fetch manifest @img/sharp-libvips-linux-arm@1.3.3
34 silly packumentCache full:https://registry.npmjs.org/@img%2fsharp-libvips-linux-arm cache-miss
35 http fetch GET 200 https://registry.npmjs.org/@img%2fsharp-libvips-linux-arm 67ms (cache revalidated)
36 silly packumentCache full:https://registry.npmjs.org/@img%2fsharp-libvips-linux-arm set size:95067 disposed:false
37 silly fetch manifest @img/sharp-libvips-linux-ppc64@1.3.3
38 silly packumentCache full:https://registry.npmjs.org/@img%2fsharp-libvips-linux-ppc64 cache-miss
39 http fetch GET 200 https://registry.npmjs.org/@img%2fsharp-libvips-linux-ppc64 67ms (cache revalidated)
40 silly packumentCache full:https://registry.npmjs.org/@img%2fsharp-libvips-linux-ppc64 set size:77213 disposed:false
41 silly fetch manifest @img/sharp-libvips-linux-riscv64@1.3.3
42 silly packumentCache full:https://registry.npmjs.org/@img%2fsharp-libvips-linux-riscv64 cache-miss
43 http fetch GET 200 https://registry.npmjs.org/@img%2fsharp-libvips-linux-riscv64 71ms (cache revalidated)
44 silly packumentCache full:https://registry.npmjs.org/@img%2fsharp-libvips-linux-riscv64 set size:63460 disposed:false
45 silly fetch manifest @img/sharp-libvips-linux-s390x@1.3.3
46 silly packumentCache full:https://registry.npmjs.org/@img%2fsharp-libvips-linux-s390x cache-miss
47 http fetch GET 200 https://registry.npmjs.org/@img%2fsharp-libvips-linux-s390x 64ms (cache revalidated)
48 silly packumentCache full:https://registry.npmjs.org/@img%2fsharp-libvips-linux-s390x set size:86174 disposed:false
49 silly fetch manifest @img/sharp-libvips-linux-x64@1.3.3
50 silly packumentCache full:https://registry.npmjs.org/@img%2fsharp-libvips-linux-x64 cache-miss
51 http fetch GET 200 https://registry.npmjs.org/@img%2fsharp-libvips-linux-x64 75ms (cache revalidated)
52 silly packumentCache full:https://registry.npmjs.org/@img%2fsharp-libvips-linux-x64 set size:90900 disposed:false
53 silly fetch manifest @img/sharp-libvips-linuxmusl-arm64@1.3.3
54 silly packumentCache full:https://registry.npmjs.org/@img%2fsharp-libvips-linuxmusl-arm64 cache-miss
55 http fetch GET 200 https://registry.npmjs.org/@img%2fsharp-libvips-linuxmusl-arm64 72ms (cache revalidated)
56 silly packumentCache full:https://registry.npmjs.org/@img%2fsharp-libvips-linuxmusl-arm64 set size:91390 disposed:false
57 silly fetch manifest @img/sharp-libvips-linuxmusl-x64@1.3.3
58 silly packumentCache full:https://registry.npmjs.org/@img%2fsharp-libvips-linuxmusl-x64 cache-miss
59 http fetch GET 200 https://registry.npmjs.org/@img%2fsharp-libvips-linuxmusl-x64 67ms (cache revalidated)
60 silly packumentCache full:https://registry.npmjs.org/@img%2fsharp-libvips-linuxmusl-x64 set size:88274 disposed:false
61 silly fetch manifest @img/sharp-linux-arm@0.35.4
62 silly packumentCache full:https://registry.npmjs.org/@img%2fsharp-linux-arm cache-miss
63 http fetch GET 200 https://registry.npmjs.org/@img%2fsharp-linux-arm 65ms (cache revalidated)
64 silly packumentCache full:https://registry.npmjs.org/@img%2fsharp-linux-arm set size:107173 disposed:false
65 silly fetch manifest @img/sharp-linux-ppc64@0.35.4
66 silly packumentCache full:https://registry.npmjs.org/@img%2fsharp-linux-ppc64 cache-miss
67 http fetch GET 200 https://registry.npmjs.org/@img%2fsharp-linux-ppc64 62ms (cache revalidated)
68 silly packumentCache full:https://registry.npmjs.org/@img%2fsharp-linux-ppc64 set size:72651 disposed:false
69 silly fetch manifest @img/sharp-linux-riscv64@0.35.4
70 silly packumentCache full:https://registry.npmjs.org/@img%2fsharp-linux-riscv64 cache-miss
71 http fetch GET 200 https://registry.npmjs.org/@img%2fsharp-linux-riscv64 97ms (cache revalidated)
72 silly packumentCache full:https://registry.npmjs.org/@img%2fsharp-linux-riscv64 set size:50215 disposed:false
73 silly fetch manifest @img/sharp-linux-s390x@0.35.4
74 silly packumentCache full:https://registry.npmjs.org/@img%2fsharp-linux-s390x cache-miss
75 http fetch GET 200 https://registry.npmjs.org/@img%2fsharp-linux-s390x 69ms (cache revalidated)
76 silly packumentCache full:https://registry.npmjs.org/@img%2fsharp-linux-s390x set size:105911 disposed:false
77 silly fetch manifest @img/sharp-linux-x64@0.35.4
78 silly packumentCache full:https://registry.npmjs.org/@img%2fsharp-linux-x64 cache-miss
79 http fetch GET 200 https://registry.npmjs.org/@img%2fsharp-linux-x64 65ms (cache revalidated)
80 silly packumentCache full:https://registry.npmjs.org/@img%2fsharp-linux-x64 set size:106660 disposed:false
81 silly fetch manifest @img/sharp-linuxmusl-arm64@0.35.4
82 silly packumentCache full:https://registry.npmjs.org/@img%2fsharp-linuxmusl-arm64 cache-miss
83 http fetch GET 200 https://registry.npmjs.org/@img%2fsharp-linuxmusl-arm64 67ms (cache revalidated)
84 silly packumentCache full:https://registry.npmjs.org/@img%2fsharp-linuxmusl-arm64 set size:109709 disposed:false
85 silly fetch manifest @img/sharp-linuxmusl-x64@0.35.4
86 silly packumentCache full:https://registry.npmjs.org/@img%2fsharp-linuxmusl-x64 cache-miss
87 http fetch GET 200 https://registry.npmjs.org/@img%2fsharp-linuxmusl-x64 64ms (cache revalidated)
88 silly packumentCache full:https://registry.npmjs.org/@img%2fsharp-linuxmusl-x64 set size:108319 disposed:false
89 silly fetch manifest @img/sharp-webcontainers-wasm32@0.35.4
90 silly packumentCache full:https://registry.npmjs.org/@img%2fsharp-webcontainers-wasm32 cache-miss
91 http fetch GET 200 https://registry.npmjs.org/@img%2fsharp-webcontainers-wasm32 64ms (cache revalidated)
92 silly packumentCache full:https://registry.npmjs.org/@img%2fsharp-webcontainers-wasm32 set size:46202 disposed:false
93 silly fetch manifest @img/sharp-win32-arm64@0.35.4
94 silly packumentCache full:https://registry.npmjs.org/@img%2fsharp-win32-arm64 cache-miss
95 http fetch GET 200 https://registry.npmjs.org/@img%2fsharp-win32-arm64 82ms (cache revalidated)
96 silly packumentCache full:https://registry.npmjs.org/@img%2fsharp-win32-arm64 set size:67825 disposed:false
97 silly fetch manifest @img/sharp-win32-ia32@0.35.4
98 silly packumentCache full:https://registry.npmjs.org/@img%2fsharp-win32-ia32 cache-miss
99 http fetch GET 200 https://registry.npmjs.org/@img%2fsharp-win32-ia32 65ms (cache revalidated)
100 silly packumentCache full:https://registry.npmjs.org/@img%2fsharp-win32-ia32 set size:108835 disposed:false
101 silly fetch manifest @img/sharp-win32-x64@0.35.4
102 silly packumentCache full:https://registry.npmjs.org/@img%2fsharp-win32-x64 cache-miss
103 http fetch GET 200 https://registry.npmjs.org/@img%2fsharp-win32-x64 67ms (cache revalidated)
104 silly packumentCache full:https://registry.npmjs.org/@img%2fsharp-win32-x64 set size:107829 disposed:false
105 silly placeDep ROOT @img/sharp-darwin-arm64@0.35.4 OK for: sharp@0.35.4 want: 0.35.4
106 silly placeDep ROOT @img/sharp-darwin-x64@0.35.4 OK for: sharp@0.35.4 want: 0.35.4
107 silly placeDep ROOT @img/sharp-freebsd-wasm32@0.35.4 OK for: sharp@0.35.4 want: 0.35.4
108 silly placeDep ROOT @img/sharp-libvips-darwin-arm64@1.3.3 OK for: sharp@0.35.4 want: 1.3.3
109 silly placeDep ROOT @img/sharp-libvips-darwin-x64@1.3.3 OK for: sharp@0.35.4 want: 1.3.3
110 silly placeDep ROOT @img/sharp-libvips-linux-arm@1.3.3 OK for: sharp@0.35.4 want: 1.3.3
111 silly placeDep ROOT @img/sharp-libvips-linux-ppc64@1.3.3 OK for: sharp@0.35.4 want: 1.3.3
112 silly placeDep ROOT @img/sharp-libvips-linux-riscv64@1.3.3 OK for: sharp@0.35.4 want: 1.3.3
113 silly placeDep ROOT @img/sharp-libvips-linux-s390x@1.3.3 OK for: sharp@0.35.4 want: 1.3.3
114 silly placeDep ROOT @img/sharp-libvips-linux-x64@1.3.3 OK for: sharp@0.35.4 want: 1.3.3
115 silly placeDep ROOT @img/sharp-libvips-linuxmusl-arm64@1.3.3 OK for: sharp@0.35.4 want: 1.3.3
116 silly placeDep ROOT @img/sharp-libvips-linuxmusl-x64@1.3.3 OK for: sharp@0.35.4 want: 1.3.3
117 silly placeDep ROOT @img/sharp-linux-arm@0.35.4 OK for: sharp@0.35.4 want: 0.35.4
118 silly placeDep ROOT @img/sharp-linux-ppc64@0.35.4 OK for: sharp@0.35.4 want: 0.35.4
119 silly placeDep ROOT @img/sharp-linux-riscv64@0.35.4 OK for: sharp@0.35.4 want: 0.35.4
120 silly placeDep ROOT @img/sharp-linux-s390x@0.35.4 OK for: sharp@0.35.4 want: 0.35.4
121 silly placeDep ROOT @img/sharp-linux-x64@0.35.4 OK for: sharp@0.35.4 want: 0.35.4
122 silly placeDep ROOT @img/sharp-linuxmusl-arm64@0.35.4 OK for: sharp@0.35.4 want: 0.35.4
123 silly placeDep ROOT @img/sharp-linuxmusl-x64@0.35.4 OK for: sharp@0.35.4 want: 0.35.4
124 silly placeDep ROOT @img/sharp-webcontainers-wasm32@0.35.4 OK for: sharp@0.35.4 want: 0.35.4
125 silly placeDep ROOT @img/sharp-win32-arm64@0.35.4 OK for: sharp@0.35.4 want: 0.35.4
126 silly placeDep ROOT @img/sharp-win32-ia32@0.35.4 OK for: sharp@0.35.4 want: 0.35.4
127 silly placeDep ROOT @img/sharp-win32-x64@0.35.4 OK for: sharp@0.35.4 want: 0.35.4
128 silly fetch manifest @img/sharp-wasm32@0.35.4
129 silly packumentCache full:https://registry.npmjs.org/@img%2fsharp-wasm32 cache-miss
130 http fetch GET 200 https://registry.npmjs.org/@img%2fsharp-wasm32 72ms (cache revalidated)
131 silly packumentCache full:https://registry.npmjs.org/@img%2fsharp-wasm32 set size:103630 disposed:false
132 silly placeDep ROOT @img/sharp-wasm32@0.35.4 OK for: @img/sharp-freebsd-wasm32@0.35.4 want: 0.35.4
133 silly fetch manifest @emnapi/runtime@^1.11.3
134 silly packumentCache full:https://registry.npmjs.org/@emnapi%2fruntime cache-miss
135 http fetch GET 200 https://registry.npmjs.org/@emnapi%2fruntime 64ms (cache revalidated)
136 silly packumentCache full:https://registry.npmjs.org/@emnapi%2fruntime set size:127256 disposed:false
137 silly placeDep ROOT @emnapi/runtime@1.11.3 OK for: @img/sharp-wasm32@0.35.4 want: ^1.11.3
138 silly reify moves {}
139 silly audit bulk request {
139 silly audit   '@adiwajshing/keyed-db': [ '0.2.4' ],
139 silly audit   '@borewit/text-codec': [ '0.2.2' ],
139 silly audit   '@cacheable/memory': [ '2.2.0' ],
139 silly audit   '@cacheable/node-cache': [ '1.7.6' ],
139 silly audit   '@cacheable/utils': [ '2.5.0' ],
139 silly audit   '@hapi/boom': [ '10.0.1', '9.1.4' ],
139 silly audit   '@hapi/hoek': [ '11.0.7', '9.3.0' ],
139 silly audit   '@img/colour': [ '1.1.0' ],
139 silly audit   '@img/sharp-libvips-linux-arm64': [ '1.3.3' ],
139 silly audit   '@img/sharp-linux-arm64': [ '0.35.4' ],
139 silly audit   '@jimp/core': [ '1.6.1' ],
139 silly audit   '@jimp/diff': [ '1.6.1' ],
139 silly audit   '@jimp/file-ops': [ '1.6.1' ],
139 silly audit   '@jimp/js-bmp': [ '1.6.1' ],
139 silly audit   '@jimp/js-gif': [ '1.6.1' ],
139 silly audit   '@jimp/js-jpeg': [ '1.6.1' ],
139 silly audit   '@jimp/js-png': [ '1.6.1' ],
139 silly audit   '@jimp/js-tiff': [ '1.6.1' ],
139 silly audit   '@jimp/plugin-blit': [ '1.6.1' ],
139 silly audit   '@jimp/plugin-blur': [ '1.6.1' ],
139 silly audit   '@jimp/plugin-circle': [ '1.6.1' ],
139 silly audit   '@jimp/plugin-color': [ '1.6.1' ],
139 silly audit   '@jimp/plugin-contain': [ '1.6.1' ],
139 silly audit   '@jimp/plugin-cover': [ '1.6.1' ],
139 silly audit   '@jimp/plugin-crop': [ '1.6.1' ],
139 silly audit   '@jimp/plugin-displace': [ '1.6.1' ],
139 silly audit   '@jimp/plugin-dither': [ '1.6.1' ],
139 silly audit   '@jimp/plugin-fisheye': [ '1.6.1' ],
139 silly audit   '@jimp/plugin-flip': [ '1.6.1' ],
139 silly audit   '@jimp/plugin-hash': [ '1.6.1' ],
139 silly audit   '@jimp/plugin-mask': [ '1.6.1' ],
139 silly audit   '@jimp/plugin-print': [ '1.6.1' ],
139 silly audit   '@jimp/plugin-quantize': [ '1.6.1' ],
139 silly audit   '@jimp/plugin-resize': [ '1.6.1' ],
139 silly audit   '@jimp/plugin-rotate': [ '1.6.1' ],
139 silly audit   '@jimp/plugin-threshold': [ '1.6.1' ],
139 silly audit   '@jimp/types': [ '1.6.1' ],
139 silly audit   '@jimp/utils': [ '1.6.1' ],
139 silly audit   '@jsep-plugin/assignment': [ '1.3.0' ],
139 silly audit   '@jsep-plugin/regex': [ '1.0.4' ],
139 silly audit   '@keyv/bigmap': [ '1.3.1' ],
139 silly audit   '@keyv/serialize': [ '1.1.1' ],
139 silly audit   '@pinojs/redact': [ '0.4.0' ],
139 silly audit   '@protobufjs/aspromise': [ '1.1.2' ],
139 silly audit   '@protobufjs/base64': [ '1.1.2' ],
139 silly audit   '@protobufjs/codegen': [ '2.0.5' ],
139 silly audit   '@protobufjs/eventemitter': [ '1.1.1' ],
139 silly audit   '@protobufjs/fetch': [ '1.1.1' ],
139 silly audit   '@protobufjs/float': [ '1.0.2' ],
139 silly audit   '@protobufjs/path': [ '1.1.2' ],
139 silly audit   '@protobufjs/pool': [ '1.1.0' ],
139 silly audit   '@protobufjs/utf8': [ '1.1.2' ],
139 silly audit   '@tokenizer/inflate': [ '0.4.1' ],
139 silly audit   '@tokenizer/token': [ '0.3.0' ],
139 silly audit   '@types/node': [ '16.9.1' ],
139 silly audit   '@types/tinycolor2': [ '1.4.6' ],
139 silly audit   acorn: [ '7.4.1' ],
139 silly audit   'acorn-node': [ '1.8.2' ],
139 silly audit   'acorn-walk': [ '7.2.0' ],
139 silly audit   'agent-base': [ '6.0.2' ],
139 silly audit   'ansi-regex': [ '6.3.0', '3.0.1', '5.0.1' ],
139 silly audit   'ansi-styles': [ '4.3.0', '6.2.3' ],
139 silly audit   'any-base': [ '1.1.0' ],
139 silly audit   async: [ '0.2.10' ],
139 silly audit   'async-mutex': [ '0.5.0' ],
139 silly audit   'async.parallellimit': [ '0.5.2' ],
139 silly audit   'async.util.eachoflimit': [ '0.5.2' ],
139 silly audit   'async.util.isarray': [ '0.5.2' ],
139 silly audit   'async.util.isarraylike': [ '0.5.2' ],
139 silly audit   'async.util.keyiterator': [ '0.5.2' ],
139 silly audit   'async.util.keys': [ '0.5.2' ],
139 silly audit   'async.util.noop': [ '0.5.2' ],
139 silly audit   'async.util.once': [ '0.5.2' ],
139 silly audit   'async.util.onlyonce': [ '0.5.2' ],
139 silly audit   'async.util.parallel': [ '0.5.2' ],
139 silly audit   'async.util.restparam': [ '0.5.2' ],
139 silly audit   asynckit: [ '0.4.0' ],
139 silly audit   'atomic-sleep': [ '1.0.0' ],
139 silly audit   'await-to-js': [ '3.0.0' ],
139 silly audit   axios: [ '1.20.0' ],
139 silly audit   baileys: [ '1.0.0' ],
139 silly audit   pino: [ '9.14.0', '10.3.1' ],
139 silly audit   'pino-abstract-transport': [ '2.0.0', '3.0.0' ],
139 silly audit   'thread-stream': [ '3.2.0', '4.2.0' ],
139 silly audit   'balanced-match': [ '1.0.2' ],
139 silly audit   'bmp-ts': [ '1.0.9' ],
139 silly audit   boolbase: [ '1.0.0' ],
139 silly audit   boolstring: [ '2.0.1' ],
139 silly audit   'brace-expansion': [ '1.1.18' ],
139 silly audit   cacheable: [ '2.5.0' ],
139 silly audit   'call-bind-apply-helpers': [ '1.0.2' ],
139 silly audit   camelcase: [ '5.3.1' ],
139 silly audit   chalk: [ '4.1.2' ],
139 silly audit   cheerio: [ '1.2.0' ],
139 silly audit   'cheerio-select': [ '2.1.0' ],
139 silly audit   cliui: [ '9.0.1', '6.0.0' ],
139 silly audit   'string-width': [ '7.2.0', '2.1.1', '4.2.3', '8.2.2' ],
139 silly audit   clone: [ '2.1.2' ],
139 silly audit   'color-convert': [ '2.0.1' ],
139 silly audit   'color-name': [ '1.1.4' ],
139 silly audit   'combined-stream': [ '1.0.8' ],
139 silly audit   'concat-map': [ '0.0.1' ],
139 silly audit   'content-type': [ '2.1.0' ],
139 silly audit   'css-select': [ '5.2.2' ],
139 silly audit   'css-what': [ '6.2.2' ],
139 silly audit   'curve25519-js': [ '0.0.4' ],
139 silly audit   dasu: [ '0.4.3' ],
139 silly audit   debug: [ '4.4.3' ],
139 silly audit   decamelize: [ '1.2.0' ],
139 silly audit   'delayed-stream': [ '1.0.0' ],
139 silly audit   'detect-libc': [ '2.1.2' ],
139 silly audit   dijkstrajs: [ '1.0.3' ],
139 silly audit   'dom-serializer': [ '2.0.0' ],
139 silly audit   domelementtype: [ '2.3.0' ],
139 silly audit   domhandler: [ '5.0.3' ],
139 silly audit   domutils: [ '3.2.2' ],
139 silly audit   'dunder-proto': [ '1.0.1' ],
139 silly audit   'emoji-regex': [ '10.6.0', '8.0.0' ],
139 silly audit   'encoding-sniffer': [ '0.2.1' ],
139 silly audit   entities: [ '4.5.0', '7.0.1', '6.0.1' ],
139 silly audit   'es-define-property': [ '1.0.1' ],
139 silly audit   'es-errors': [ '1.3.0' ],
139 silly audit   'es-object-atoms': [ '1.1.2' ],
139 silly audit   'es-set-tostringtag': [ '2.1.0' ],
139 silly audit   escalade: [ '3.2.0' ],
139 silly audit   eventemitter3: [ '5.0.4' ],
139 silly audit   'exif-parser': [ '0.1.12' ],
139 silly audit   fflate: [ '0.8.3' ],
139 silly audit   'file-type': [ '21.3.4' ],
139 silly audit   'find-up': [ '4.1.0' ],
139 silly audit   'fluent-ffmpeg': [ '2.1.3' ],
139 silly audit   'follow-redirects': [ '1.16.0' ],
139 silly audit   'form-data': [ '4.0.6' ],
139 silly audit   'mime-db': [ '1.52.0', '1.54.0' ],
139 silly audit   'mime-types': [ '2.1.35', '3.0.2' ],
139 silly audit   'function-bind': [ '1.1.2' ],
139 silly audit   'get-caller-file': [ '2.0.5' ],
139 silly audit   'get-east-asian-width': [ '1.6.0' ],
139 silly audit   'get-intrinsic': [ '1.3.0' ],
139 silly audit   'get-proto': [ '1.0.1' ],
139 silly audit   gifwrap: [ '0.10.1' ],
139 silly audit   gopd: [ '1.2.0' ],
139 silly audit   'gradient-string': [ '2.0.2' ],
139 silly audit   'grapheme-splitter': [ '1.0.4' ],
139 silly audit   'has-flag': [ '4.0.0' ],
139 silly audit   'has-symbols': [ '1.1.0' ],
139 silly audit   'has-tostringtag': [ '1.0.2' ],
139 silly audit   hashery: [ '1.5.1' ],
139 silly audit   hasown: [ '2.0.4' ],
139 silly audit   hookified: [ '1.15.1', '2.2.0' ],
139 silly audit   htmlparser2: [ '10.1.0' ],
139 silly audit   http: [ '0.0.1-security' ],
139 silly audit   'https-proxy-agent': [ '5.0.1' ],
139 silly audit   'human-readable': [ '0.2.1' ],
139 silly audit   'human-time': [ '0.0.2' ],
139 silly audit   'iconv-lite': [ '0.6.3' ],
139 silly audit   ieee754: [ '1.2.1' ],
139 silly audit   'image-q': [ '4.0.0' ],
139 silly audit   'is-fullwidth-code-point': [ '2.0.0', '3.0.0' ],
139 silly audit   isexe: [ '2.0.0' ],
139 silly audit   jimp: [ '1.6.1' ],
139 silly audit   'jpeg-js': [ '0.4.4' ],
139 silly audit   jsep: [ '1.4.0' ],
139 silly audit   'jsonpath-plus': [ '10.3.0' ],
139 silly audit   keypress: [ '0.2.1' ],
139 silly audit   keyv: [ '5.6.0' ],
139 silly audit   libsignal: [ '6.0.0' ],
139 silly audit   'locate-path': [ '5.0.0' ],
139 silly audit   long: [ '5.3.2' ],
139 silly audit   'lru-cache': [ '11.5.2' ],
139 silly audit   'math-intrinsics': [ '1.1.0' ],
139 silly audit   'media-typer': [ '2.0.0' ],
139 silly audit   mime: [ '3.0.0' ],
139 silly audit   'mimic-fn': [ '2.1.0' ],
139 silly audit   minimatch: [ '3.0.8' ],
139 silly audit   minimist: [ '1.2.8' ],
139 silly audit   moment: [ '2.30.1' ],
139 silly audit   'moment-timezone': [ '0.5.48' ],
139 silly audit   ms: [ '2.1.3' ],
139 silly audit   'music-metadata': [ '11.15.0' ],
139 silly audit   'node-cache': [ '5.1.2' ],
139 silly audit   'node-fetch': [ '2.7.0' ],
139 silly audit   'node-fzf': [ '0.14.0' ],
139 silly audit   'strip-ansi': [ '4.0.0', '6.0.1', '7.2.0' ],
139 silly audit   'node-webpmux': [ '3.2.1' ],
139 silly audit   'nth-check': [ '2.1.1' ],
139 silly audit   omggif: [ '1.0.10' ],
139 silly audit   'on-exit-leak-free': [ '2.1.2' ],
139 silly audit   onetime: [ '5.1.2' ],
139 silly audit   'p-limit': [ '2.3.0' ],
139 silly audit   'p-locate': [ '4.1.0' ],
139 silly audit   'p-queue': [ '9.3.3' ],
139 silly audit   'p-timeout': [ '7.0.1' ],
139 silly audit   'p-try': [ '2.2.0' ],
139 silly audit   pako: [ '1.0.11' ],
139 silly audit   'parse-bmfont-ascii': [ '1.0.6' ],
139 silly audit   'parse-bmfont-binary': [ '1.0.6' ],
139 silly audit   'parse-bmfont-xml': [ '1.1.6' ],
139 silly audit   parse5: [ '7.3.0' ],
139 silly audit   'parse5-htmlparser2-tree-adapter': [ '7.1.0' ],
139 silly audit   'parse5-parser-stream': [ '7.1.2' ],
139 silly audit   'path-exists': [ '4.0.0' ],
139 silly audit   picocolors: [ '1.1.1' ],
139 silly audit   'pino-std-serializers': [ '7.1.0' ],
139 silly audit   pixelmatch: [ '5.3.0' ],
139 silly audit   pngjs: [ '6.0.0', '7.0.0', '5.0.0' ],
139 silly audit   'process-warning': [ '5.1.0' ],
139 silly audit   protobufjs: [ '7.6.6' ],
139 silly audit   'proxy-from-env': [ '2.1.0' ],
139 silly audit   qified: [ '0.10.1' ],
139 silly audit   qrcode: [ '1.5.4' ],
139 silly audit   'wrap-ansi': [ '6.2.0', '9.0.2' ],
139 silly audit   y18n: [ '4.0.3', '5.0.8' ],
139 silly audit   yargs: [ '15.4.1', '18.1.0' ],
139 silly audit   'yargs-parser': [ '18.1.3', '22.0.0' ],
139 silly audit   'qrcode-terminal': [ '0.12.0' ],
139 silly audit   'quick-format-unescaped': [ '4.0.4' ],
139 silly audit   'readline-sync': [ '1.4.10' ],
139 silly audit   'real-require': [ '0.2.0', '1.0.0' ],
139 silly audit   redstar: [ '0.0.2' ],
139 silly audit   'require-directory': [ '2.1.1' ],
139 silly audit   'require-main-filename': [ '2.0.0' ],
139 silly audit   'restore-cursor': [ '3.1.0' ],
139 silly audit   'safe-stable-stringify': [ '2.5.0' ],
139 silly audit   'safer-buffer': [ '2.1.2' ],
139 silly audit   sax: [ '1.6.1' ],
139 silly audit   semver: [ '7.8.5' ],
139 silly audit   'set-blocking': [ '2.0.0' ],
139 silly audit   sharp: [ '0.35.4' ],
139 silly audit   'signal-exit': [ '3.0.7' ],
139 silly audit   'simple-xml-to-json': [ '1.2.7' ],
139 silly audit   'sonic-boom': [ '4.2.1' ],
139 silly audit   split2: [ '4.2.0' ],
139 silly audit   strtok3: [ '10.3.5' ],
139 silly audit   'supports-color': [ '7.2.0' ],
139 silly audit   'syntax-error': [ '1.4.0' ],
139 silly audit   tinycolor2: [ '1.6.0' ],
139 silly audit   tinygradient: [ '1.1.5' ],
139 silly audit   'token-types': [ '6.1.2' ],
139 silly audit   tr46: [ '0.0.3' ],
139 silly audit   tslib: [ '2.8.1' ],
139 silly audit   ttys: [ '0.0.3' ],
139 silly audit   'uint8array-extras': [ '1.5.0' ],
139 silly audit   undici: [ '7.29.1' ],
139 silly audit   utif2: [ '4.1.0' ],
139 silly audit   uuid: [ '14.0.2' ],
139 silly audit   'webidl-conversions': [ '3.0.1' ],
139 silly audit   'whatsapp-rust-bridge': [ '0.5.5' ],
139 silly audit   'whatwg-encoding': [ '3.1.1' ],
139 silly audit   'whatwg-mimetype': [ '4.0.0' ],
139 silly audit   'whatwg-url': [ '5.0.0' ],
139 silly audit   which: [ '1.3.1' ],
139 silly audit   'which-module': [ '2.0.1' ],
139 silly audit   'win-guid': [ '0.2.1' ],
139 silly audit   ws: [ '8.21.3' ],
139 silly audit   'xml-parse-from-string': [ '1.0.1' ],
139 silly audit   xml2js: [ '0.5.0' ],
139 silly audit   xmlbuilder: [ '11.0.1' ],
139 silly audit   xtend: [ '4.0.2' ],
139 silly audit   'yt-search': [ '2.13.1' ],
139 silly audit   zod: [ '3.25.76' ],
139 silly audit   '@img/sharp-darwin-arm64': [ '0.35.4' ],
139 silly audit   '@img/sharp-darwin-x64': [ '0.35.4' ],
139 silly audit   '@img/sharp-freebsd-wasm32': [ '0.35.4' ],
139 silly audit   '@img/sharp-libvips-darwin-arm64': [ '1.3.3' ],
139 silly audit   '@img/sharp-libvips-darwin-x64': [ '1.3.3' ],
139 silly audit   '@img/sharp-libvips-linux-arm': [ '1.3.3' ],
139 silly audit   '@img/sharp-libvips-linux-ppc64': [ '1.3.3' ],
139 silly audit   '@img/sharp-libvips-linux-riscv64': [ '1.3.3' ],
139 silly audit   '@img/sharp-libvips-linux-s390x': [ '1.3.3' ],
139 silly audit   '@img/sharp-libvips-linux-x64': [ '1.3.3' ],
139 silly audit   '@img/sharp-libvips-linuxmusl-arm64': [ '1.3.3' ],
139 silly audit   '@img/sharp-libvips-linuxmusl-x64': [ '1.3.3' ],
139 silly audit   '@img/sharp-linux-arm': [ '0.35.4' ],
139 silly audit   '@img/sharp-linux-ppc64': [ '0.35.4' ],
139 silly audit   '@img/sharp-linux-riscv64': [ '0.35.4' ],
139 silly audit   '@img/sharp-linux-s390x': [ '0.35.4' ],
139 silly audit   '@img/sharp-linux-x64': [ '0.35.4' ],
139 silly audit   '@img/sharp-linuxmusl-arm64': [ '0.35.4' ],
139 silly audit   '@img/sharp-linuxmusl-x64': [ '0.35.4' ],
139 silly audit   '@img/sharp-webcontainers-wasm32': [ '0.35.4' ],
139 silly audit   '@img/sharp-win32-arm64': [ '0.35.4' ],
139 silly audit   '@img/sharp-win32-ia32': [ '0.35.4' ],
139 silly audit   '@img/sharp-win32-x64': [ '0.35.4' ],
139 silly audit   '@img/sharp-wasm32': [ '0.35.4' ],
139 silly audit   '@emnapi/runtime': [ '1.11.3' ]
139 silly audit }
140 http fetch POST 200 https://registry.npmjs.org/-/npm/v1/security/advisories/bulk 166ms
141 silly audit report {
141 silly audit report   baileys: [
141 silly audit report     {
141 silly audit report       id: 1120508,
141 silly audit report       url: 'https://github.com/advisories/GHSA-qvv5-jq5g-4cgg',
141 silly audit report       title: 'Baileys has message upsert / hist sync spoofing and app state corruption when using maliciously crafted protocolMessage payload',
141 silly audit report       severity: 'critical',
141 silly audit report       vulnerable_versions: '<6.7.22',
141 silly audit report       cwe: [Array],
141 silly audit report       cvss: [Object]
141 silly audit report     }
141 silly audit report   ],
141 silly audit report   minimatch: [
141 silly audit report     {
141 silly audit report       id: 1113459,
141 silly audit report       url: 'https://github.com/advisories/GHSA-3ppc-4f35-3m26',
141 silly audit report       title: 'minimatch has a ReDoS via repeated wildcards with non-matching literal in pattern',
141 silly audit report       severity: 'high',
141 silly audit report       vulnerable_versions: '<3.1.3',
141 silly audit report       cwe: [Array],
141 silly audit report       cvss: [Object]
141 silly audit report     },
141 silly audit report     {
141 silly audit report       id: 1113538,
141 silly audit report       url: 'https://github.com/advisories/GHSA-7r86-cg39-jmmj',
141 silly audit report       title: 'minimatch has ReDoS: matchOne() combinatorial backtracking via multiple non-adjacent GLOBSTAR segments',
141 silly audit report       severity: 'high',
141 silly audit report       vulnerable_versions: '<3.1.3',
141 silly audit report       cwe: [Array],
141 silly audit report       cvss: [Object]
141 silly audit report     },
141 silly audit report     {
141 silly audit report       id: 1113546,
141 silly audit report       url: 'https://github.com/advisories/GHSA-23c5-xmqv-rm74',
141 silly audit report       title: 'minimatch ReDoS: nested *() extglobs generate catastrophically backtracking regular expressions',
141 silly audit report       severity: 'high',
141 silly audit report       vulnerable_versions: '<3.1.4',
141 silly audit report       cwe: [Array],
141 silly audit report       cvss: [Object]
141 silly audit report     }
141 silly audit report   ]
141 silly audit report }
142 silly packumentCache corgi:https://registry.npmjs.org/baileys cache-miss
143 silly packumentCache corgi:https://registry.npmjs.org/minimatch cache-miss
144 http fetch GET 200 https://registry.npmjs.org/baileys 64ms (cache revalidated)
145 silly packumentCache corgi:https://registry.npmjs.org/baileys set size:159674 disposed:false
146 http fetch GET 200 https://registry.npmjs.org/minimatch 177ms (cache revalidated)
147 silly packumentCache corgi:https://registry.npmjs.org/minimatch set size:169442 disposed:false
148 silly packumentCache corgi:https://registry.npmjs.org/redstar cache-miss
149 http fetch GET 200 https://registry.npmjs.org/redstar 65ms (cache revalidated)
150 silly packumentCache corgi:https://registry.npmjs.org/redstar set size:1262 disposed:false
151 silly packumentCache corgi:https://registry.npmjs.org/node-fzf cache-miss
152 http fetch GET 200 https://registry.npmjs.org/node-fzf 69ms (cache revalidated)
153 silly packumentCache corgi:https://registry.npmjs.org/node-fzf set size:42290 disposed:false
154 silly packumentCache corgi:https://registry.npmjs.org/yt-search cache-miss
155 http fetch GET 200 https://registry.npmjs.org/yt-search 75ms (cache revalidated)
156 silly packumentCache corgi:https://registry.npmjs.org/yt-search set size:126336 disposed:false
157 warn allow-scripts 2 packages have install scripts not yet covered by allowScripts:
157 warn allow-scripts   baileys@1.0.0 (preinstall: node ./engine-requirements.js)
157 warn allow-scripts   protobufjs@7.6.6 (postinstall: node scripts/postinstall)
157 warn allow-scripts
157 warn allow-scripts Run `npm install-scripts ls` to review, or `npm install-scripts approve <pkg>` to allow.
158 verbose cwd /home/container
159 verbose os Linux 6.17.0-1018-azure
160 verbose node v23.11.1
161 verbose npm  v11.18.0
162 verbose exit 0
163 info ok
